{"class_order": ["early_blight", "healthy", "late_blight"], "test_results": {"PlantVillage": {"baseline": {"n": 424, "accuracy": 0.9528301886792453, "macro_f1": 0.9517322941534762, "confusion_matrix": [[132, 2, 14], [0, 148, 0], [4, 0, 124]], "classes": {"early_blight": {"precision": 0.9705882352941176, "recall": 0.8918918918918919, "f1-score": 0.9295774647887324, "support": 148.0}, "healthy": {"precision": 0.9866666666666667, "recall": 1.0, "f1-score": 0.9932885906040269, "support": 148.0}, "late_blight": {"precision": 0.8985507246376812, "recall": 0.96875, "f1-score": 0.9323308270676691, "support": 128.0}, "accuracy": 0.9528301886792453, "macro avg": {"precision": 0.9519352088661552, "recall": 0.9535472972972974, "f1-score": 0.9517322941534762, "support": 424.0}, "weighted avg": {"precision": 0.9544533449146682, "recall": 0.9528301886792453, "f1-score": 0.9526474576952594, "support": 424.0}}}, "candidate": {"n": 424, "accuracy": 0.9481132075471698, "macro_f1": 0.9468704098554844, "confusion_matrix": [[130, 2, 16], [0, 148, 0], [2, 2, 124]], "classes": {"early_blight": {"precision": 0.9848484848484849, "recall": 0.8783783783783784, "f1-score": 0.9285714285714286, "support": 148.0}, "healthy": {"precision": 0.9736842105263158, "recall": 1.0, "f1-score": 0.9866666666666667, "support": 148.0}, "late_blight": {"precision": 0.8857142857142857, "recall": 0.96875, "f1-score": 0.9253731343283582, "support": 128.0}, "accuracy": 0.9481132075471698, "macro avg": {"precision": 0.9480823270296955, "recall": 0.9490427927927928, "f1-score": 0.9468704098554844, "support": 424.0}, "weighted avg": {"precision": 0.9510242157709884, "recall": 0.9481132075471698, "f1-score": 0.9478844322860093, "support": 424.0}}}}, "PlantDoc": {"baseline": {"n": 28, "accuracy": 0.5357142857142857, "macro_f1": 0.47595579450418163, "confusion_matrix": [[9, 0, 0], [7, 1, 0], [6, 0, 5]], "classes": {"early_blight": {"precision": 0.4090909090909091, "recall": 1.0, "f1-score": 0.5806451612903226, "support": 9.0}, "healthy": {"precision": 1.0, "recall": 0.125, "f1-score": 0.2222222222222222, "support": 8.0}, "late_blight": {"precision": 1.0, "recall": 0.45454545454545453, "f1-score": 0.625, "support": 11.0}, "accuracy": 0.5357142857142857, "macro avg": {"precision": 0.8030303030303031, "recall": 0.5265151515151515, "f1-score": 0.47595579450418163, "support": 28.0}, "weighted avg": {"precision": 0.810064935064935, "recall": 0.5357142857142857, "f1-score": 0.49566372247823864, "support": 28.0}}}, "candidate": {"n": 28, "accuracy": 0.7857142857142857, "macro_f1": 0.7777777777777778, "confusion_matrix": [[8, 1, 0], [2, 5, 1], [2, 0, 9]], "classes": {"early_blight": {"precision": 0.6666666666666666, "recall": 0.8888888888888888, "f1-score": 0.7619047619047619, "support": 9.0}, "healthy": {"precision": 0.8333333333333334, "recall": 0.625, "f1-score": 0.7142857142857143, "support": 8.0}, "late_blight": {"precision": 0.9, "recall": 0.8181818181818182, "f1-score": 0.8571428571428571, "support": 11.0}, "accuracy": 0.7857142857142857, "macro avg": {"precision": 0.7999999999999999, "recall": 0.7773569023569024, "f1-score": 0.7777777777777778, "support": 28.0}, "weighted avg": {"precision": 0.8059523809523811, "recall": 0.7857142857142857, "f1-score": 0.7857142857142857, "support": 28.0}}}}}, "user_image_is_known_regression_not_independent_accuracy": true, "regression": {"baseline": [0.9776657819747925, 2.1212020584471247e-08, 0.022334180772304535], "candidate": [0.23208411037921906, 2.9364806323428638e-05, 0.7678865194320679]}, "passes_release_gate": true}
Saved artifact at '/tmp/tmpomf7b5kv'. The following endpoints are available:

* Endpoint 'serve'
  args_0 (POSITIONAL_ONLY): TensorSpec(shape=(None, 224, 224, 3), dtype=tf.float32, name='rgb_0_255')
Output Type:
  TensorSpec(shape=(None, 3), dtype=tf.float32, name=None)
Captures:
  140689510185872: TensorSpec(shape=(), dtype=tf.resource, name=None)
  140689278615824: TensorSpec(shape=(), dtype=tf.resource, name=None)
  140689278616016: TensorSpec(shape=(), dtype=tf.resource, name=None)
  140689510186640: TensorSpec(shape=(), dtype=tf.resource, name=None)
  140689510186832: TensorSpec(shape=(), dtype=tf.resource, name=None)
  140689278616400: TensorSpec(shape=(), dtype=tf.resource, name=None)
  140689278617936: TensorSpec(shape=(), dtype=tf.resource, name=None)
  140689278617168: TensorSpec(shape=(), dtype=tf.resource, name=None)
  140689278617744: TensorSpec(shape=(), dtype=tf.resource, name=None)
  140689278615632: TensorSpec(shape=(), dtype=tf.resource, name=None)
  140689278619088: TensorSpec(shape=(), dtype=tf.resource, name=None)
  140689278619664: TensorSpec(shape=(), dtype=tf.resource, name=None)
  140689278619472: TensorSpec(shape=(), dtype=tf.resource, name=None)
  140689278620432: TensorSpec(shape=(), dtype=tf.resource, name=None)
  140689278618704: TensorSpec(shape=(), dtype=tf.resource, name=None)
  140689278621776: TensorSpec(shape=(), dtype=tf.resource, name=None)
  140689278621008: TensorSpec(shape=(), dtype=tf.resource, name=None)
  140689278621584: TensorSpec(shape=(), dtype=tf.resource, name=None)
  140689278619856: TensorSpec(shape=(), dtype=tf.resource, name=None)
  140689278622928: TensorSpec(shape=(), dtype=tf.resource, name=None)
  140689278623696: TensorSpec(shape=(), dtype=tf.resource, name=None)
  140689278622544: TensorSpec(shape=(), dtype=tf.resource, name=None)
  140689278623504: TensorSpec(shape=(), dtype=tf.resource, name=None)
  140689278622160: TensorSpec(shape=(), dtype=tf.resource, name=None)
  140689278624848: TensorSpec(shape=(), dtype=tf.resource, name=None)
  140689278625616: TensorSpec(shape=(), dtype=tf.resource, name=None)
  140689278624464: TensorSpec(shape=(), dtype=tf.resource, name=None)
  140689278625424: TensorSpec(shape=(), dtype=tf.resource, name=None)
  140689278624080: TensorSpec(shape=(), dtype=tf.resource, name=None)
  140689278626768: TensorSpec(shape=(), dtype=tf.resource, name=None)
  140689278627536: TensorSpec(shape=(), dtype=tf.resource, name=None)
  140689278626384: TensorSpec(shape=(), dtype=tf.resource, name=None)
  140689278627344: TensorSpec(shape=(), dtype=tf.resource, name=None)
  140689278626000: TensorSpec(shape=(), dtype=tf.resource, name=None)
  140689278628688: TensorSpec(shape=(), dtype=tf.resource, name=None)
  140689278629456: TensorSpec(shape=(), dtype=tf.resource, name=None)
  140689278628304: TensorSpec(shape=(), dtype=tf.resource, name=None)
  140689278629264: TensorSpec(shape=(), dtype=tf.resource, name=None)
  140689278627920: TensorSpec(shape=(), dtype=tf.resource, name=None)
  140689278630608: TensorSpec(shape=(), dtype=tf.resource, name=None)
  140689278630224: TensorSpec(shape=(), dtype=tf.resource, name=None)
  140689276994192: TensorSpec(shape=(), dtype=tf.resource, name=None)
  140689278631184: TensorSpec(shape=(), dtype=tf.resource, name=None)
  140689278629840: TensorSpec(shape=(), dtype=tf.resource, name=None)
  140689276994384: TensorSpec(shape=(), dtype=tf.resource, name=None)
  140689276994960: TensorSpec(shape=(), dtype=tf.resource, name=None)
  140689276993808: TensorSpec(shape=(), dtype=tf.resource, name=None)
  140689276994768: TensorSpec(shape=(), dtype=tf.resource, name=None)
  140689276993616: TensorSpec(shape=(), dtype=tf.resource, name=None)
  140689276996112: TensorSpec(shape=(), dtype=tf.resource, name=None)
  140689276996880: TensorSpec(shape=(), dtype=tf.resource, name=None)
  140689276995728: TensorSpec(shape=(), dtype=tf.resource, name=None)
  140689276996688: TensorSpec(shape=(), dtype=tf.resource, name=None)
  140689276995344: TensorSpec(shape=(), dtype=tf.resource, name=None)
  140689276998032: TensorSpec(shape=(), dtype=tf.resource, name=None)
  140689276998800: TensorSpec(shape=(), dtype=tf.resource, name=None)
  140689276997648: TensorSpec(shape=(), dtype=tf.resource, name=None)
  140689276998608: TensorSpec(shape=(), dtype=tf.resource, name=None)
  140689276997264: TensorSpec(shape=(), dtype=tf.resource, name=None)
  140689276999952: TensorSpec(shape=(), dtype=tf.resource, name=None)
  140689277000528: TensorSpec(shape=(), dtype=tf.resource, name=None)
  140689277000336: TensorSpec(shape=(), dtype=tf.resource, name=None)
  140689277001296: TensorSpec(shape=(), dtype=tf.resource, name=None)
  140689277001104: TensorSpec(shape=(), dtype=tf.resource, name=None)
  140689277002256: TensorSpec(shape=(), dtype=tf.resource, name=None)
  140689276999568: TensorSpec(shape=(), dtype=tf.resource, name=None)
  140689277002064: TensorSpec(shape=(), dtype=tf.resource, name=None)
  140689277001488: TensorSpec(shape=(), dtype=tf.resource, name=None)
  140689277003408: TensorSpec(shape=(), dtype=tf.resource, name=None)
  140689277004176: TensorSpec(shape=(), dtype=tf.resource, name=None)
  140689277003024: TensorSpec(shape=(), dtype=tf.resource, name=None)
  140689277003984: TensorSpec(shape=(), dtype=tf.resource, name=None)
  140689277002640: TensorSpec(shape=(), dtype=tf.resource, name=None)
  140689277005328: TensorSpec(shape=(), dtype=tf.resource, name=None)
  140689277006096: TensorSpec(shape=(), dtype=tf.resource, name=None)
  140689277004944: TensorSpec(shape=(), dtype=tf.resource, name=None)
  140689277005904: TensorSpec(shape=(), dtype=tf.resource, name=None)
  140689277004560: TensorSpec(shape=(), dtype=tf.resource, name=None)
  140689277007248: TensorSpec(shape=(), dtype=tf.resource, name=None)
  140689277007824: TensorSpec(shape=(), dtype=tf.resource, name=None)
  140689277007632: TensorSpec(shape=(), dtype=tf.resource, name=None)
  140689277008592: TensorSpec(shape=(), dtype=tf.resource, name=None)
  140689277008400: TensorSpec(shape=(), dtype=tf.resource, name=None)
  140689277009552: TensorSpec(shape=(), dtype=tf.resource, name=None)
  140689277485328: TensorSpec(shape=(), dtype=tf.resource, name=None)
  140689277009360: TensorSpec(shape=(), dtype=tf.resource, name=None)
  140689277006864: TensorSpec(shape=(), dtype=tf.resource, name=None)
  140689277485904: TensorSpec(shape=(), dtype=tf.resource, name=None)
  140689277486672: TensorSpec(shape=(), dtype=tf.resource, name=None)
  140689277485712: TensorSpec(shape=(), dtype=tf.resource, name=None)
  140689277486480: TensorSpec(shape=(), dtype=tf.resource, name=None)
  140689277485136: TensorSpec(shape=(), dtype=tf.resource, name=None)
  140689277487824: TensorSpec(shape=(), dtype=tf.resource, name=None)
  140689277488592: TensorSpec(shape=(), dtype=tf.resource, name=None)
  140689277487440: TensorSpec(shape=(), dtype=tf.resource, name=None)
  140689277488400: TensorSpec(shape=(), dtype=tf.resource, name=None)
  140689277487056: TensorSpec(shape=(), dtype=tf.resource, name=None)
  140689277489744: TensorSpec(shape=(), dtype=tf.resource, name=None)
  140689277490320: TensorSpec(shape=(), dtype=tf.resource, name=None)
  140689277490128: TensorSpec(shape=(), dtype=tf.resource, name=None)
  140689277491088: TensorSpec(shape=(), dtype=tf.resource, name=None)
  140689277490896: TensorSpec(shape=(), dtype=tf.resource, name=None)
  140689277492048: TensorSpec(shape=(), dtype=tf.resource, name=None)
  140689277489360: TensorSpec(shape=(), dtype=tf.resource, name=None)
  140689277491856: TensorSpec(shape=(), dtype=tf.resource, name=None)
  140689277491280: TensorSpec(shape=(), dtype=tf.resource, name=None)
  140689277493200: TensorSpec(shape=(), dtype=tf.resource, name=None)
  140689277493968: TensorSpec(shape=(), dtype=tf.resource, name=None)
  140689277492816: TensorSpec(shape=(), dtype=tf.resource, name=None)
  140689277493776: TensorSpec(shape=(), dtype=tf.resource, name=None)
  140689277492432: TensorSpec(shape=(), dtype=tf.resource, name=None)
  140689277495120: TensorSpec(shape=(), dtype=tf.resource, name=None)
  140689277495888: TensorSpec(shape=(), dtype=tf.resource, name=None)
  140689277494736: TensorSpec(shape=(), dtype=tf.resource, name=None)
  140689277495696: TensorSpec(shape=(), dtype=tf.resource, name=None)
  140689277494352: TensorSpec(shape=(), dtype=tf.resource, name=None)
  140689277497040: TensorSpec(shape=(), dtype=tf.resource, name=None)
  140689277497616: TensorSpec(shape=(), dtype=tf.resource, name=None)
  140689277497424: TensorSpec(shape=(), dtype=tf.resource, name=None)
  140689277498384: TensorSpec(shape=(), dtype=tf.resource, name=None)
  140689277498192: TensorSpec(shape=(), dtype=tf.resource, name=None)
  140689277499344: TensorSpec(shape=(), dtype=tf.resource, name=None)
  140689277496656: TensorSpec(shape=(), dtype=tf.resource, name=None)
  140689277499152: TensorSpec(shape=(), dtype=tf.resource, name=None)
  140689277498576: TensorSpec(shape=(), dtype=tf.resource, name=None)
  140689277500496: TensorSpec(shape=(), dtype=tf.resource, name=None)
  140689275896464: TensorSpec(shape=(), dtype=tf.resource, name=None)
  140689275896272: TensorSpec(shape=(), dtype=tf.resource, name=None)
  140689277500880: TensorSpec(shape=(), dtype=tf.resource, name=None)
  140689277501072: TensorSpec(shape=(), dtype=tf.resource, name=None)
  140689275896848: TensorSpec(shape=(), dtype=tf.resource, name=None)
  140689275897616: TensorSpec(shape=(), dtype=tf.resource, name=None)
  140689275896656: TensorSpec(shape=(), dtype=tf.resource, name=None)
  140689275897424: TensorSpec(shape=(), dtype=tf.resource, name=None)
  140689275896080: TensorSpec(shape=(), dtype=tf.resource, name=None)
  140689275898768: TensorSpec(shape=(), dtype=tf.resource, name=None)
  140689275899344: TensorSpec(shape=(), dtype=tf.resource, name=None)
  140689275899152: TensorSpec(shape=(), dtype=tf.resource, name=None)
  140689275900112: TensorSpec(shape=(), dtype=tf.resource, name=None)
  140689275899920: TensorSpec(shape=(), dtype=tf.resource, name=None)
  140689275901072: TensorSpec(shape=(), dtype=tf.resource, name=None)
  140689275898384: TensorSpec(shape=(), dtype=tf.resource, name=None)
  140689275900880: TensorSpec(shape=(), dtype=tf.resource, name=None)
  140689275900304: TensorSpec(shape=(), dtype=tf.resource, name=None)
  140689275902224: TensorSpec(shape=(), dtype=tf.resource, name=None)
  140689275902992: TensorSpec(shape=(), dtype=tf.resource, name=None)
  140689275901840: TensorSpec(shape=(), dtype=tf.resource, name=None)
  140689275902800: TensorSpec(shape=(), dtype=tf.resource, name=None)
  140689275901456: TensorSpec(shape=(), dtype=tf.resource, name=None)
  140689275904144: TensorSpec(shape=(), dtype=tf.resource, name=None)
  140689275904912: TensorSpec(shape=(), dtype=tf.resource, name=None)
  140689275903760: TensorSpec(shape=(), dtype=tf.resource, name=None)
  140689275904720: TensorSpec(shape=(), dtype=tf.resource, name=None)
  140689275903376: TensorSpec(shape=(), dtype=tf.resource, name=None)
  140689275906064: TensorSpec(shape=(), dtype=tf.resource, name=None)
  140689275906640: TensorSpec(shape=(), dtype=tf.resource, name=None)
  140689275906448: TensorSpec(shape=(), dtype=tf.resource, name=None)
  140689275907408: TensorSpec(shape=(), dtype=tf.resource, name=None)
  140689275907216: TensorSpec(shape=(), dtype=tf.resource, name=None)
  140689275908368: TensorSpec(shape=(), dtype=tf.resource, name=None)
  140689275905680: TensorSpec(shape=(), dtype=tf.resource, name=None)
  140689275908176: TensorSpec(shape=(), dtype=tf.resource, name=None)
  140689275907600: TensorSpec(shape=(), dtype=tf.resource, name=None)
  140689275909520: TensorSpec(shape=(), dtype=tf.resource, name=None)
  140689275910288: TensorSpec(shape=(), dtype=tf.resource, name=None)
  140689275909136: TensorSpec(shape=(), dtype=tf.resource, name=None)
  140689275910096: TensorSpec(shape=(), dtype=tf.resource, name=None)
  140689275908752: TensorSpec(shape=(), dtype=tf.resource, name=None)
  140689275911440: TensorSpec(shape=(), dtype=tf.resource, name=None)
  140689276403984: TensorSpec(shape=(), dtype=tf.resource, name=None)
  140689276404176: TensorSpec(shape=(), dtype=tf.resource, name=None)
  140689275911824: TensorSpec(shape=(), dtype=tf.resource, name=None)
  140689275912016: TensorSpec(shape=(), dtype=tf.resource, name=None)
  140689276404944: TensorSpec(shape=(), dtype=tf.resource, name=None)
  140689276405520: TensorSpec(shape=(), dtype=tf.resource, name=None)
  140689276405328: TensorSpec(shape=(), dtype=tf.resource, name=None)
  140689276406288: TensorSpec(shape=(), dtype=tf.resource, name=None)
  140689276406096: TensorSpec(shape=(), dtype=tf.resource, name=None)
  140689276407248: TensorSpec(shape=(), dtype=tf.resource, name=None)
  140689276404560: TensorSpec(shape=(), dtype=tf.resource, name=None)
  140689276407056: TensorSpec(shape=(), dtype=tf.resource, name=None)
  140689276406480: TensorSpec(shape=(), dtype=tf.resource, name=None)
  140689276408400: TensorSpec(shape=(), dtype=tf.resource, name=None)
  140689276409168: TensorSpec(shape=(), dtype=tf.resource, name=None)
  140689276408016: TensorSpec(shape=(), dtype=tf.resource, name=None)
  140689276408976: TensorSpec(shape=(), dtype=tf.resource, name=None)
  140689276407632: TensorSpec(shape=(), dtype=tf.resource, name=None)
  140689276410320: TensorSpec(shape=(), dtype=tf.resource, name=None)
  140689276411088: TensorSpec(shape=(), dtype=tf.resource, name=None)
  140689276409936: TensorSpec(shape=(), dtype=tf.resource, name=None)
  140689276410896: TensorSpec(shape=(), dtype=tf.resource, name=None)
  140689276409552: TensorSpec(shape=(), dtype=tf.resource, name=None)
  140689276412240: TensorSpec(shape=(), dtype=tf.resource, name=None)
  140689276412816: TensorSpec(shape=(), dtype=tf.resource, name=None)
  140689276412624: TensorSpec(shape=(), dtype=tf.resource, name=None)
  140689276413584: TensorSpec(shape=(), dtype=tf.resource, name=None)
  140689276413392: TensorSpec(shape=(), dtype=tf.resource, name=None)
  140689276414544: TensorSpec(shape=(), dtype=tf.resource, name=None)
  140689276411856: TensorSpec(shape=(), dtype=tf.resource, name=None)
  140689276414352: TensorSpec(shape=(), dtype=tf.resource, name=None)
  140689276413776: TensorSpec(shape=(), dtype=tf.resource, name=None)
  140689276415696: TensorSpec(shape=(), dtype=tf.resource, name=None)
  140689276416464: TensorSpec(shape=(), dtype=tf.resource, name=None)
  140689276415312: TensorSpec(shape=(), dtype=tf.resource, name=None)
  140689276416272: TensorSpec(shape=(), dtype=tf.resource, name=None)
  140689276414928: TensorSpec(shape=(), dtype=tf.resource, name=None)
  140689276416848: TensorSpec(shape=(), dtype=tf.resource, name=None)
  140689276418576: TensorSpec(shape=(), dtype=tf.resource, name=None)
  140689276418768: TensorSpec(shape=(), dtype=tf.resource, name=None)
  140689276419536: TensorSpec(shape=(), dtype=tf.resource, name=None)
WARNING: All log messages before absl::InitializeLog() is called are written to STDERR
W0000 00:00:1791449106.866762       5 tf_tfl_flatbuffer_helpers.cc:390] Ignored output_format.
W0000 00:00:1791449106.866796       5 tf_tfl_flatbuffer_helpers.cc:393] Ignored drop_control_dependency.
INFO: Created TensorFlow Lite XNNPACK delegate for CPU.
EXPORT {"size_bytes": 4030700, "sha256": "7c921aefe7035e4b7c6ae96d1e5daf065638b6be675dc95afcb998dfedd28004", "validation_samples": 477, "top1_agreement": 1.0, "max_probability_delta": 4.887580871582031e-06, "compatible": true}
